// Jest Snapshot v1, https://goo.gl/fbAQLP

exports[`<Footer /> render the <Footer /> with populated data 1`] = `
<div
  class="footer__Container-zdp0bq-0 dMvqb"
>
  <p
    class="footer__Title-zdp0bq-4 jknKNB"
  >
    Questions? Contact us.
  </p>
  <p
    class="footer__Break-zdp0bq-6 fGnGmy"
  />
  <div
    class="footer__Row-zdp0bq-2 jrwhoV"
  >
    <div
      class="footer__Column-zdp0bq-1 fRxlHk"
    >
      <a
        class="footer__Link-zdp0bq-3 culuWD"
        href="#"
      >
        FAQ
      </a>
      <a
        class="footer__Link-zdp0bq-3 culuWD"
        href="#"
      >
        Investor Relations
      </a>
      <a
        class="footer__Link-zdp0bq-3 culuWD"
        href="#"
      >
        Ways to Watch
      </a>
      <a
        class="footer__Link-zdp0bq-3 culuWD"
        href="#"
      >
        Corporate Information
      </a>
      <a
        class="footer__Link-zdp0bq-3 culuWD"
        href="#"
      >
        Nickflicks Originals
      </a>
    </div>
    <div
      class="footer__Column-zdp0bq-1 fRxlHk"
    >
      <a
        class="footer__Link-zdp0bq-3 culuWD"
        href="#"
      >
        Help Centre
      </a>
      <a
        class="footer__Link-zdp0bq-3 culuWD"
        href="#"
      >
        Jobs
      </a>
      <a
        class="footer__Link-zdp0bq-3 culuWD"
        href="#"
      >
        Terms of Use
      </a>
      <a
        class="footer__Link-zdp0bq-3 culuWD"
        href="#"
      >
        Contact Us
      </a>
    </div>
    <div
      class="footer__Column-zdp0bq-1 fRxlHk"
    >
      <a
        class="footer__Link-zdp0bq-3 culuWD"
        href="#"
      >
        Account
      </a>
      <a
        class="footer__Link-zdp0bq-3 culuWD"
        href="#"
      >
        Redeem Gift Cards
      </a>
      <a
        class="footer__Link-zdp0bq-3 culuWD"
        href="#"
      >
        Privacy
      </a>
      <a
        class="footer__Link-zdp0bq-3 culuWD"
        href="#"
      >
        Speed Test
      </a>
    </div>
    <div
      class="footer__Column-zdp0bq-1 fRxlHk"
    >
      <a
        class="footer__Link-zdp0bq-3 culuWD"
        href="#"
      >
        Media Centre
      </a>
      <a
        class="footer__Link-zdp0bq-3 culuWD"
        href="#"
      >
        Buy Gift Cards
      </a>
      <a
        class="footer__Link-zdp0bq-3 culuWD"
        href="#"
      >
        Cookie Preferences
      </a>
      <a
        class="footer__Link-zdp0bq-3 culuWD"
        href="#"
      >
        Legal Notices
      </a>
    </div>
  </div>
  <p
    class="footer__Break-zdp0bq-6 fGnGmy"
  />
  <p
    class="footer__Text-zdp0bq-5 caBznk"
  >
    Nickflicks United Kingdom
  </p>
</div>
`;
