// Jest Snapshot v1, https://goo.gl/fbAQLP

exports[`<OptForm /> renders the <OptForm /> with populated data 1`] = `
<div
  class="opt-form__Container-sc-539fu6-0 hJqoRR"
>
  <input
    class="opt-form__Input-sc-539fu6-1 fXVNEw"
    placeholder="Email address"
  />
  <button
    class="opt-form__Button-sc-539fu6-2 dtzNJt"
  >
    Try it now
     
    <img
      alt="Try Now"
      src="/images/icons/chevron-right.png"
    />
  </button>
  <div
    class="opt-form__Break-sc-539fu6-4 iERIPb"
  />
  <p
    class="opt-form__Text-sc-539fu6-3 kchVbL"
  >
    Ready to watch? Enter your email to create or restart your membership.
  </p>
</div>
`;
